// Jest Snapshot v1, https://goo.gl/fbAQLP

exports[`App.vue Has the expected html structure 1`] = `
<div
  class="el-card box-card"
>
  <!---->
  <div
    class="el-card__body"
  >
    <div
      class="item"
    >
      <span
        class="text"
        style="width: 50px;"
      >
        状态：
      </span>
       
      <div
        class="el-radio-group"
        role="radiogroup"
      >
        <span
          name="list"
          tag="div"
        >
          <label
            aria-checked="true"
            class="el-radio-button btn el-radio-button--small is-active"
            role="radio"
            tabindex="0"
          >
            <input
              class="el-radio-button__orig-radio"
              tabindex="-1"
              type="radio"
            />
            <span
              class="el-radio-button__inner"
            >
              
          全部
        
              <!---->
            </span>
          </label>
          <label
            class="el-radio-button btn el-radio-button--small"
            role="radio"
            tabindex="-1"
          >
            <input
              class="el-radio-button__orig-radio"
              tabindex="-1"
              type="radio"
            />
            <span
              class="el-radio-button__inner"
            >
              
          待审核
        
              <!---->
            </span>
          </label>
          <label
            class="el-radio-button btn el-radio-button--small"
            role="radio"
            tabindex="-1"
          >
            <input
              class="el-radio-button__orig-radio"
              tabindex="-1"
              type="radio"
            />
            <span
              class="el-radio-button__inner"
            >
              
          审核通过
        
              <!---->
            </span>
          </label>
          <label
            class="el-radio-button btn el-radio-button--small"
            role="radio"
            tabindex="-1"
          >
            <input
              class="el-radio-button__orig-radio"
              tabindex="-1"
              type="radio"
            />
            <span
              class="el-radio-button__inner"
            >
              
          审核不通过
        
              <!---->
            </span>
          </label>
        </span>
      </div>
    </div>
     
  </div>
</div>
`;
