// Jest Snapshot v1, https://goo.gl/fbAQLP

exports[`index.vue Has the expected html structure 1`] = `
<div
  class="index"
>
  <header>
    <div
      class="logo font-futura"
    >
      <router-link
        to="/"
      >
        <img
          alt=""
          src="../assets/images/logo.png"
          width="46"
        />
         
        <span>
          三毛
        </span>
      </router-link>
    </div>
     
    <div
      class="user"
    >
      <span
        class="user-face-box"
      >
        <img
          class="user-face"
          src="https://?imageView2/1/w/36/h/36"
        />
      </span>
    </div>
  </header>
   
  <section>
    <aside
      class="nav"
    >
      <div
        class="toggle-size"
      />
       
      <ul
        class="el-menu el-menu-vertical-demo"
        role="menubar"
        style="background-color: rgb(36, 41, 46);"
        theme="dark"
      >
        <!---->
         
        <li
          class="el-menu-item"
          role="menuitem"
          style="padding-left: 20px; color: rgb(191, 201, 217); background-color: rgb(36, 41, 46);"
          tabindex="-1"
        >
          <i
            class="iconfont mar"
          />
           
          <span>
            
          </span>
        </li>
         
        <li
          class="el-menu-item"
          role="menuitem"
          style="padding-left: 20px; color: rgb(191, 201, 217); background-color: rgb(36, 41, 46);"
          tabindex="-1"
        >
          <a
            href="https://analytics.google.com"
            target="_blank"
          >
            <i
              class="iconfont mar icon-count"
            />
             
            <span>
              Google Analytics
            </span>
          </a>
        </li>
      </ul>
    </aside>
     
    <article>
      <span
        name="btn"
        tag="span"
      >
        <div
          class="breadcrumb el-col el-col-24"
        >
          <div
            aria-label="Breadcrumb"
            class="el-breadcrumb"
            role="navigation"
          >
            <span
              class="el-breadcrumb"
              name="btn"
              tag="div"
            >
              <span
                class="el-breadcrumb__item"
              >
                <span
                  class="el-breadcrumb__inner"
                  role="link"
                >
                  我的面板
                </span>
                <span
                  class="el-breadcrumb__separator"
                  role="presentation"
                >
                  /
                </span>
              </span>
               
              <span
                aria-current="page"
                class="el-breadcrumb__item"
              >
                <span
                  class="el-breadcrumb__inner"
                  role="link"
                >
                  
                </span>
                <span
                  class="el-breadcrumb__separator"
                  role="presentation"
                >
                  /
                </span>
              </span>
               
              <!---->
            </span>
          </div>
        </div>
         
        <div
          class="right-content el-col el-col-24"
        >
          <router-view
            mode="out-in"
            name="fade"
          />
        </div>
      </span>
    </article>
  </section>
</div>
`;
