// Jest Snapshot v1, https://goo.gl/fbAQLP

exports[`login.vue has the expected html structure 1`] = `
<div
  class="login"
>
  <div
    class="background-canvas"
    id="particles-background"
  />
   
  <div
    class="content"
  >
    <div
      class="title"
    >
      管理登录
    </div>
     
    <form
      class="el-form"
    >
      <div
        class="el-form-item is-required"
      >
        <!---->
        <div
          class="el-form-item__content"
        >
          <div
            class="el-input"
          >
            <!---->
            <input
              autocomplete="off"
              class="el-input__inner"
              maxlength="40"
              placeholder="账号"
              rows="2"
              type="text"
              validateevent="true"
            />
            <!---->
            <!---->
            <!---->
          </div>
          <!---->
        </div>
      </div>
       
      <div
        class="el-form-item is-required"
      >
        <!---->
        <div
          class="el-form-item__content"
        >
          <div
            class="el-input"
          >
            <!---->
            <input
              autocomplete="off"
              class="el-input__inner"
              maxlength="40"
              placeholder="密码"
              rows="2"
              type="password"
              validateevent="true"
            />
            <!---->
            <!---->
            <!---->
          </div>
          <!---->
        </div>
      </div>
       
      <div
        class="el-form-item"
      >
        <!---->
        <div
          class="el-form-item__content"
        >
          <button
            class="el-button el-button--default"
            type="button"
          >
            <!---->
            <!---->
            <span>
              Submit
            </span>
          </button>
          <!---->
        </div>
      </div>
    </form>
  </div>
</div>
`;
